Navigated to https://cloud.sydevelopers.com/admin/collections/meditations/95
webpage_content_reporter.js:1 Uncaught SyntaxError: Cannot use import statement outside a module (at webpage_content_reporter.js:1:115955)
05d46xw49t9wc.js:48  POST https://cloud.sydevelopers.com/api/narrators 403 (Forbidden)
(anonymous) @ 05d46xw49t9wc.js:48
await in (anonymous)
(anonymous) @ 05d46xw49t9wc.js:48
(anonymous) @ 13.1j7a~62zw7.js:23
(anonymous) @ 05d46xw49t9wc.js:48
ly @ 13.1j7a~62zw7.js:23
sp @ 13.1j7a~62zw7.js:23
sf @ 13.1j7a~62zw7.js:23
sp @ 13.1j7a~62zw7.js:23
sf @ 13.1j7a~62zw7.js:23
sp @ 13.1j7a~62zw7.js:23
sf @ 13.1j7a~62zw7.js:23
sp @ 13.1j7a~62zw7.js:23
sf @ 13.1j7a~62zw7.js:23
sp @ 13.1j7a~62zw7.js:23
sf @ 13.1j7a~62zw7.js:23
sp @ 13.1j7a~62zw7.js:23
sf @ 13.1j7a~62zw7.js:23
sp @ 13.1j7a~62zw7.js:23
sf @ 13.1j7a~62zw7.js:23
sp @ 13.1j7a~62zw7.js:23
sf @ 13.1j7a~62zw7.js:23
sp @ 13.1j7a~62zw7.js:23
sf @ 13.1j7a~62zw7.js:23
sp @ 13.1j7a~62zw7.js:23
sf @ 13.1j7a~62zw7.js:23
sp @ 13.1j7a~62zw7.js:23
sf @ 13.1j7a~62zw7.js:23
sp @ 13.1j7a~62zw7.js:23
sf @ 13.1j7a~62zw7.js:23
sp @ 13.1j7a~62zw7.js:23
sf @ 13.1j7a~62zw7.js:23
sp @ 13.1j7a~62zw7.js:23
sf @ 13.1j7a~62zw7.js:23
sp @ 13.1j7a~62zw7.js:23
sf @ 13.1j7a~62zw7.js:23
sp @ 13.1j7a~62zw7.js:23
sf @ 13.1j7a~62zw7.js:23
sp @ 13.1j7a~62zw7.js:23
sf @ 13.1j7a~62zw7.js:23
sp @ 13.1j7a~62zw7.js:23
sf @ 13.1j7a~62zw7.js:23
sp @ 13.1j7a~62zw7.js:23
sf @ 13.1j7a~62zw7.js:23
sp @ 13.1j7a~62zw7.js:23
sf @ 13.1j7a~62zw7.js:23
sp @ 13.1j7a~62zw7.js:23
sf @ 13.1j7a~62zw7.js:23
sp @ 13.1j7a~62zw7.js:23
sf @ 13.1j7a~62zw7.js:23
sp @ 13.1j7a~62zw7.js:23
sf @ 13.1j7a~62zw7.js:23
sp @ 13.1j7a~62zw7.js:23
sf @ 13.1j7a~62zw7.js:23
sp @ 13.1j7a~62zw7.js:23
sf @ 13.1j7a~62zw7.js:23
sp @ 13.1j7a~62zw7.js:23
sf @ 13.1j7a~62zw7.js:23
sp @ 13.1j7a~62zw7.js:23
sf @ 13.1j7a~62zw7.js:23
sp @ 13.1j7a~62zw7.js:23
sf @ 13.1j7a~62zw7.js:23
sp @ 13.1j7a~62zw7.js:23
sf @ 13.1j7a~62zw7.js:23
sp @ 13.1j7a~62zw7.js:23
sf @ 13.1j7a~62zw7.js:23
sp @ 13.1j7a~62zw7.js:23
sf @ 13.1j7a~62zw7.js:23
sp @ 13.1j7a~62zw7.js:23
sf @ 13.1j7a~62zw7.js:23
sp @ 13.1j7a~62zw7.js:23
sf @ 13.1j7a~62zw7.js:23
sp @ 13.1j7a~62zw7.js:23
sf @ 13.1j7a~62zw7.js:23
sp @ 13.1j7a~62zw7.js:23
sf @ 13.1j7a~62zw7.js:23
sp @ 13.1j7a~62zw7.js:23
sf @ 13.1j7a~62zw7.js:23
sp @ 13.1j7a~62zw7.js:23
sf @ 13.1j7a~62zw7.js:23
sp @ 13.1j7a~62zw7.js:23
sf @ 13.1j7a~62zw7.js:23
sp @ 13.1j7a~62zw7.js:23
sf @ 13.1j7a~62zw7.js:23
sp @ 13.1j7a~62zw7.js:23
sf @ 13.1j7a~62zw7.js:23
sp @ 13.1j7a~62zw7.js:23
sf @ 13.1j7a~62zw7.js:23
sp @ 13.1j7a~62zw7.js:23
sf @ 13.1j7a~62zw7.js:23
sp @ 13.1j7a~62zw7.js:23
sf @ 13.1j7a~62zw7.js:23
sp @ 13.1j7a~62zw7.js:23
sf @ 13.1j7a~62zw7.js:23
sp @ 13.1j7a~62zw7.js:23
sf @ 13.1j7a~62zw7.js:23
sp @ 13.1j7a~62zw7.js:23
sf @ 13.1j7a~62zw7.js:23
sp @ 13.1j7a~62zw7.js:23
sf @ 13.1j7a~62zw7.js:23
sp @ 13.1j7a~62zw7.js:23
sf @ 13.1j7a~62zw7.js:23
sp @ 13.1j7a~62zw7.js:23
sf @ 13.1j7a~62zw7.js:23
sp @ 13.1j7a~62zw7.js:23
sf @ 13.1j7a~62zw7.js:23
sp @ 13.1j7a~62zw7.js:23
sf @ 13.1j7a~62zw7.js:23
sp @ 13.1j7a~62zw7.js:23
sf @ 13.1j7a~62zw7.js:23
sp @ 13.1j7a~62zw7.js:23
sf @ 13.1j7a~62zw7.js:23
sp @ 13.1j7a~62zw7.js:23
sf @ 13.1j7a~62zw7.js:23
sp @ 13.1j7a~62zw7.js:23
sf @ 13.1j7a~62zw7.js:23
sp @ 13.1j7a~62zw7.js:23
sf @ 13.1j7a~62zw7.js:23
sp @ 13.1j7a~62zw7.js:23
sf @ 13.1j7a~62zw7.js:23
sp @ 13.1j7a~62zw7.js:23
sf @ 13.1j7a~62zw7.js:23
sp @ 13.1j7a~62zw7.js:23
sf @ 13.1j7a~62zw7.js:23
sp @ 13.1j7a~62zw7.js:23
sf @ 13.1j7a~62zw7.js:23
sp @ 13.1j7a~62zw7.js:23
sf @ 13.1j7a~62zw7.js:23
sp @ 13.1j7a~62zw7.js:23
sf @ 13.1j7a~62zw7.js:23
sp @ 13.1j7a~62zw7.js:23
sf @ 13.1j7a~62zw7.js:23
sp @ 13.1j7a~62zw7.js:23
sf @ 13.1j7a~62zw7.js:23
sp @ 13.1j7a~62zw7.js:23
sf @ 13.1j7a~62zw7.js:23
sp @ 13.1j7a~62zw7.js:23
sf @ 13.1j7a~62zw7.js:23
sp @ 13.1j7a~62zw7.js:23
sf @ 13.1j7a~62zw7.js:23
sp @ 13.1j7a~62zw7.js:23
sf @ 13.1j7a~62zw7.js:23
sp @ 13.1j7a~62zw7.js:23
sf @ 13.1j7a~62zw7.js:23
sp @ 13.1j7a~62zw7.js:23
sf @ 13.1j7a~62zw7.js:23
sp @ 13.1j7a~62zw7.js:23
sf @ 13.1j7a~62zw7.js:23
sp @ 13.1j7a~62zw7.js:23
sf @ 13.1j7a~62zw7.js:23
sp @ 13.1j7a~62zw7.js:23
sf @ 13.1j7a~62zw7.js:23
sp @ 13.1j7a~62zw7.js:23
sf @ 13.1j7a~62zw7.js:23
sp @ 13.1j7a~62zw7.js:23
sf @ 13.1j7a~62zw7.js:23
sp @ 13.1j7a~62zw7.js:23
sf @ 13.1j7a~62zw7.js:23
sp @ 13.1j7a~62zw7.js:23
sf @ 13.1j7a~62zw7.js:23
sp @ 13.1j7a~62zw7.js:23
sf @ 13.1j7a~62zw7.js:23
sp @ 13.1j7a~62zw7.js:23
sf @ 13.1j7a~62zw7.js:23
sp @ 13.1j7a~62zw7.js:23
sf @ 13.1j7a~62zw7.js:23
sp @ 13.1j7a~62zw7.js:23
sf @ 13.1j7a~62zw7.js:23
sp @ 13.1j7a~62zw7.js:23
sf @ 13.1j7a~62zw7.js:23
sp @ 13.1j7a~62zw7.js:23
sf @ 13.1j7a~62zw7.js:23
sp @ 13.1j7a~62zw7.js:23
sf @ 13.1j7a~62zw7.js:23
sp @ 13.1j7a~62zw7.js:23
sf @ 13.1j7a~62zw7.js:23
sp @ 13.1j7a~62zw7.js:23
sf @ 13.1j7a~62zw7.js:23
sp @ 13.1j7a~62zw7.js:23
sf @ 13.1j7a~62zw7.js:23
sp @ 13.1j7a~62zw7.js:23
sf @ 13.1j7a~62zw7.js:23
sp @ 13.1j7a~62zw7.js:23
sf @ 13.1j7a~62zw7.js:23
sp @ 13.1j7a~62zw7.js:23
sf @ 13.1j7a~62zw7.js:23
sp @ 13.1j7a~62zw7.js:23
sf @ 13.1j7a~62zw7.js:23
sp @ 13.1j7a~62zw7.js:23
sf @ 13.1j7a~62zw7.js:23
sp @ 13.1j7a~62zw7.js:23
sf @ 13.1j7a~62zw7.js:23
sp @ 13.1j7a~62zw7.js:23
sf @ 13.1j7a~62zw7.js:23
sp @ 13.1j7a~62zw7.js:23
sf @ 13.1j7a~62zw7.js:23
sp @ 13.1j7a~62zw7.js:23
sf @ 13.1j7a~62zw7.js:23
sp @ 13.1j7a~62zw7.js:23
sf @ 13.1j7a~62zw7.js:23
sp @ 13.1j7a~62zw7.js:23
postMessage
l @ 13.1j7a~62zw7.js:23
C @ 13.1j7a~62zw7.js:23
postMessage
l @ 13.1j7a~62zw7.js:23
C @ 13.1j7a~62zw7.js:23
postMessage
l @ 13.1j7a~62zw7.js:23
C @ 13.1j7a~62zw7.js:23
postMessage
l @ 13.1j7a~62zw7.js:23
C @ 13.1j7a~62zw7.js:23
postMessage
l @ 13.1j7a~62zw7.js:23
C @ 13.1j7a~62zw7.js:23
postMessage
l @ 13.1j7a~62zw7.js:23
C @ 13.1j7a~62zw7.js:23
postMessage
l @ 13.1j7a~62zw7.js:23
n.unstable_scheduleCallback @ 13.1j7a~62zw7.js:23
uH @ 13.1j7a~62zw7.js:23
uB @ 13.1j7a~62zw7.js:23
(anonymous) @ 13.1j7a~62zw7.js:23
(index):1  Failed to load resource: the server responded with a status of 404 ()
(index):1 Refused to display 'https://wemeditate.com/' in a frame because it set 'X-Frame-Options' to 'sameorigin'.
(index):1 Unsafe attempt to load URL https://wemeditate.com/en/preview/embed?collection=meditations&id=95&secret=c2_eo0v3PbJU2WMyikeggQ from frame with URL chrome-error://chromewebdata/. Domains, protocols and ports must match.

